// Jest Snapshot v1, https://goo.gl/fbAQLP

exports[`OPML service should export feeds to OPML 1`] = `
"<?xml version="1.0" encoding="UTF-8" standalone="yes"?>
<opml version="2.0">
  <head>
    <title>Exported Feeds (2025-01-01T00:00:00.000Z)</title>
  </head>
  <body>
    <outline text="Category 1">
      <outline text="Feed 1" xmlUrl="http://example1.invalid/feed" htmlUrl="http://example1.invalid"/>
      <outline text="Feed 2" xmlUrl="http://example2.invalid/feed" htmlUrl="http://example2.invalid"/>
    </outline>
    <outline text="Category 2">
      <outline text="Feed 3" xmlUrl="http://example3.invalid/feed" htmlUrl="http://example3.invalid"/>
    </outline>
  </body>
</opml>"
`;
